
> starter_helpi@0.1.0 test
> react-scripts test --coverage

  console.error
    Warning: validateDOMNesting(...): <h2> cannot appear as a descendant of <p>.
        at h2
        at div
        at DetailedQuestionPage (/home/runner/work/starter_helpi/starter_helpi/src/detailed-question-page.tsx:7:39)
        at p
        at div
        at App (/home/runner/work/starter_helpi/starter_helpi/src/App.tsx:19:33)

      4 |
      5 | test('renders learn react link', () => {
    > 6 |   render(<App />);
        |         ^
      7 |   const linkElement = screen.getByText(/learn react/i);
      8 |   expect(linkElement).toBeInTheDocument();
      9 | });

      at printWarning (node_modules/react-dom/cjs/react-dom.development.js:86:30)
      at error (node_modules/react-dom/cjs/react-dom.development.js:60:7)
      at validateDOMNesting (node_modules/react-dom/cjs/react-dom.development.js:10849:7)
      at createInstance (node_modules/react-dom/cjs/react-dom.development.js:10930:5)
      at completeWork (node_modules/react-dom/cjs/react-dom.development.js:22187:28)
      at completeUnitOfWork (node_modules/react-dom/cjs/react-dom.development.js:26593:16)
      at performUnitOfWork (node_modules/react-dom/cjs/react-dom.development.js:26568:5)
      at workLoopSync (node_modules/react-dom/cjs/react-dom.development.js:26466:5)
      at renderRootSync (node_modules/react-dom/cjs/react-dom.development.js:26434:7)
      at performConcurrentWorkOnRoot (node_modules/react-dom/cjs/react-dom.development.js:25738:74)
      at flushActQueue (node_modules/react/cjs/react.development.js:2667:24)
      at act (node_modules/react/cjs/react.development.js:2582:11)
      at node_modules/@testing-library/react/dist/act-compat.js:63:25
      at renderRoot (node_modules/@testing-library/react/dist/pure.js:159:26)
      at render (node_modules/@testing-library/react/dist/pure.js:246:10)
      at Object.<anonymous> (src/App.test.tsx:6:9)
      at TestScheduler.scheduleTests (node_modules/@jest/core/build/TestScheduler.js:333:13)
      at runJest (node_modules/@jest/core/build/runJest.js:404:19)
      at _run10000 (node_modules/@jest/core/build/cli/index.js:320:7)
      at runCLI (node_modules/@jest/core/build/cli/index.js:173:3)

  console.error
    Warning: validateDOMNesting(...): <hr> cannot appear as a descendant of <p>.
        at hr
        at div
        at DetailedQuestionPage (/home/runner/work/starter_helpi/starter_helpi/src/detailed-question-page.tsx:7:39)
        at p
        at div
        at App (/home/runner/work/starter_helpi/starter_helpi/src/App.tsx:19:33)

      4 |
      5 | test('renders learn react link', () => {
    > 6 |   render(<App />);
        |         ^
      7 |   const linkElement = screen.getByText(/learn react/i);
      8 |   expect(linkElement).toBeInTheDocument();
      9 | });

      at printWarning (node_modules/react-dom/cjs/react-dom.development.js:86:30)
      at error (node_modules/react-dom/cjs/react-dom.development.js:60:7)
      at validateDOMNesting (node_modules/react-dom/cjs/react-dom.development.js:10849:7)
      at createInstance (node_modules/react-dom/cjs/react-dom.development.js:10930:5)
      at completeWork (node_modules/react-dom/cjs/react-dom.development.js:22187:28)
      at completeUnitOfWork (node_modules/react-dom/cjs/react-dom.development.js:26593:16)
      at performUnitOfWork (node_modules/react-dom/cjs/react-dom.development.js:26568:5)
      at workLoopSync (node_modules/react-dom/cjs/react-dom.development.js:26466:5)
      at renderRootSync (node_modules/react-dom/cjs/react-dom.development.js:26434:7)
      at performConcurrentWorkOnRoot (node_modules/react-dom/cjs/react-dom.development.js:25738:74)
      at flushActQueue (node_modules/react/cjs/react.development.js:2667:24)
      at act (node_modules/react/cjs/react.development.js:2582:11)
      at node_modules/@testing-library/react/dist/act-compat.js:63:25
      at renderRoot (node_modules/@testing-library/react/dist/pure.js:159:26)
      at render (node_modules/@testing-library/react/dist/pure.js:246:10)
      at Object.<anonymous> (src/App.test.tsx:6:9)
      at TestScheduler.scheduleTests (node_modules/@jest/core/build/TestScheduler.js:333:13)
      at runJest (node_modules/@jest/core/build/runJest.js:404:19)
      at _run10000 (node_modules/@jest/core/build/cli/index.js:320:7)
      at runCLI (node_modules/@jest/core/build/cli/index.js:173:3)

  console.error
    Warning: validateDOMNesting(...): <p> cannot appear as a descendant of <p>.
        at p
        at div
        at DetailedQuestionPage (/home/runner/work/starter_helpi/starter_helpi/src/detailed-question-page.tsx:7:39)
        at p
        at div
        at App (/home/runner/work/starter_helpi/starter_helpi/src/App.tsx:19:33)

      4 |
      5 | test('renders learn react link', () => {
    > 6 |   render(<App />);
        |         ^
      7 |   const linkElement = screen.getByText(/learn react/i);
      8 |   expect(linkElement).toBeInTheDocument();
      9 | });

      at printWarning (node_modules/react-dom/cjs/react-dom.development.js:86:30)
      at error (node_modules/react-dom/cjs/react-dom.development.js:60:7)
      at validateDOMNesting (node_modules/react-dom/cjs/react-dom.development.js:10849:7)
      at createInstance (node_modules/react-dom/cjs/react-dom.development.js:10930:5)
      at completeWork (node_modules/react-dom/cjs/react-dom.development.js:22187:28)
      at completeUnitOfWork (node_modules/react-dom/cjs/react-dom.development.js:26593:16)
      at performUnitOfWork (node_modules/react-dom/cjs/react-dom.development.js:26568:5)
      at workLoopSync (node_modules/react-dom/cjs/react-dom.development.js:26466:5)
      at renderRootSync (node_modules/react-dom/cjs/react-dom.development.js:26434:7)
      at performConcurrentWorkOnRoot (node_modules/react-dom/cjs/react-dom.development.js:25738:74)
      at flushActQueue (node_modules/react/cjs/react.development.js:2667:24)
      at act (node_modules/react/cjs/react.development.js:2582:11)
      at node_modules/@testing-library/react/dist/act-compat.js:63:25
      at renderRoot (node_modules/@testing-library/react/dist/pure.js:159:26)
      at render (node_modules/@testing-library/react/dist/pure.js:246:10)
      at Object.<anonymous> (src/App.test.tsx:6:9)
      at TestScheduler.scheduleTests (node_modules/@jest/core/build/TestScheduler.js:333:13)
      at runJest (node_modules/@jest/core/build/runJest.js:404:19)
      at _run10000 (node_modules/@jest/core/build/cli/index.js:320:7)
      at runCLI (node_modules/@jest/core/build/cli/index.js:173:3)

  console.error
    Warning: validateDOMNesting(...): <div> cannot appear as a descendant of <p>.
        at div
        at div
        at DetailedQuestionPage (/home/runner/work/starter_helpi/starter_helpi/src/detailed-question-page.tsx:7:39)
        at p
        at div
        at App (/home/runner/work/starter_helpi/starter_helpi/src/App.tsx:19:33)

      4 |
      5 | test('renders learn react link', () => {
    > 6 |   render(<App />);
        |         ^
      7 |   const linkElement = screen.getByText(/learn react/i);
      8 |   expect(linkElement).toBeInTheDocument();
      9 | });

      at printWarning (node_modules/react-dom/cjs/react-dom.development.js:86:30)
      at error (node_modules/react-dom/cjs/react-dom.development.js:60:7)
      at validateDOMNesting (node_modules/react-dom/cjs/react-dom.development.js:10849:7)
      at createInstance (node_modules/react-dom/cjs/react-dom.development.js:10930:5)
      at completeWork (node_modules/react-dom/cjs/react-dom.development.js:22187:28)
      at completeUnitOfWork (node_modules/react-dom/cjs/react-dom.development.js:26593:16)
      at performUnitOfWork (node_modules/react-dom/cjs/react-dom.development.js:26568:5)
      at workLoopSync (node_modules/react-dom/cjs/react-dom.development.js:26466:5)
      at renderRootSync (node_modules/react-dom/cjs/react-dom.development.js:26434:7)
      at performConcurrentWorkOnRoot (node_modules/react-dom/cjs/react-dom.development.js:25738:74)
      at flushActQueue (node_modules/react/cjs/react.development.js:2667:24)
      at act (node_modules/react/cjs/react.development.js:2582:11)
      at node_modules/@testing-library/react/dist/act-compat.js:63:25
      at renderRoot (node_modules/@testing-library/react/dist/pure.js:159:26)
      at render (node_modules/@testing-library/react/dist/pure.js:246:10)
      at Object.<anonymous> (src/App.test.tsx:6:9)
      at TestScheduler.scheduleTests (node_modules/@jest/core/build/TestScheduler.js:333:13)
      at runJest (node_modules/@jest/core/build/runJest.js:404:19)
      at _run10000 (node_modules/@jest/core/build/cli/index.js:320:7)
      at runCLI (node_modules/@jest/core/build/cli/index.js:173:3)

  console.error
    Warning: validateDOMNesting(...): <h4> cannot appear as a descendant of <p>.
        at h4
        at div
        at div
        at DetailedQuestionPage (/home/runner/work/starter_helpi/starter_helpi/src/detailed-question-page.tsx:7:39)
        at p
        at div
        at App (/home/runner/work/starter_helpi/starter_helpi/src/App.tsx:19:33)

      4 |
      5 | test('renders learn react link', () => {
    > 6 |   render(<App />);
        |         ^
      7 |   const linkElement = screen.getByText(/learn react/i);
      8 |   expect(linkElement).toBeInTheDocument();
      9 | });

      at printWarning (node_modules/react-dom/cjs/react-dom.development.js:86:30)
      at error (node_modules/react-dom/cjs/react-dom.development.js:60:7)
      at validateDOMNesting (node_modules/react-dom/cjs/react-dom.development.js:10849:7)
      at createInstance (node_modules/react-dom/cjs/react-dom.development.js:10930:5)
      at completeWork (node_modules/react-dom/cjs/react-dom.development.js:22187:28)
      at completeUnitOfWork (node_modules/react-dom/cjs/react-dom.development.js:26593:16)
      at performUnitOfWork (node_modules/react-dom/cjs/react-dom.development.js:26568:5)
      at workLoopSync (node_modules/react-dom/cjs/react-dom.development.js:26466:5)
      at renderRootSync (node_modules/react-dom/cjs/react-dom.development.js:26434:7)
      at performConcurrentWorkOnRoot (node_modules/react-dom/cjs/react-dom.development.js:25738:74)
      at flushActQueue (node_modules/react/cjs/react.development.js:2667:24)
      at act (node_modules/react/cjs/react.development.js:2582:11)
      at node_modules/@testing-library/react/dist/act-compat.js:63:25
      at renderRoot (node_modules/@testing-library/react/dist/pure.js:159:26)
      at render (node_modules/@testing-library/react/dist/pure.js:246:10)
      at Object.<anonymous> (src/App.test.tsx:6:9)
      at TestScheduler.scheduleTests (node_modules/@jest/core/build/TestScheduler.js:333:13)
      at runJest (node_modules/@jest/core/build/runJest.js:404:19)
      at _run10000 (node_modules/@jest/core/build/cli/index.js:320:7)
      at runCLI (node_modules/@jest/core/build/cli/index.js:173:3)

  console.error
    Warning: validateDOMNesting(...): <h1> cannot appear as a descendant of <p>.
        at h1
        at div
        at DetailedQuestionPage (/home/runner/work/starter_helpi/starter_helpi/src/detailed-question-page.tsx:7:39)
        at p
        at div
        at App (/home/runner/work/starter_helpi/starter_helpi/src/App.tsx:19:33)

      4 |
      5 | test('renders learn react link', () => {
    > 6 |   render(<App />);
        |         ^
      7 |   const linkElement = screen.getByText(/learn react/i);
      8 |   expect(linkElement).toBeInTheDocument();
      9 | });

      at printWarning (node_modules/react-dom/cjs/react-dom.development.js:86:30)
      at error (node_modules/react-dom/cjs/react-dom.development.js:60:7)
      at validateDOMNesting (node_modules/react-dom/cjs/react-dom.development.js:10849:7)
      at createInstance (node_modules/react-dom/cjs/react-dom.development.js:10930:5)
      at completeWork (node_modules/react-dom/cjs/react-dom.development.js:22187:28)
      at completeUnitOfWork (node_modules/react-dom/cjs/react-dom.development.js:26593:16)
      at performUnitOfWork (node_modules/react-dom/cjs/react-dom.development.js:26568:5)
      at workLoopSync (node_modules/react-dom/cjs/react-dom.development.js:26466:5)
      at renderRootSync (node_modules/react-dom/cjs/react-dom.development.js:26434:7)
      at performConcurrentWorkOnRoot (node_modules/react-dom/cjs/react-dom.development.js:25738:74)
      at flushActQueue (node_modules/react/cjs/react.development.js:2667:24)
      at act (node_modules/react/cjs/react.development.js:2582:11)
      at node_modules/@testing-library/react/dist/act-compat.js:63:25
      at renderRoot (node_modules/@testing-library/react/dist/pure.js:159:26)
      at render (node_modules/@testing-library/react/dist/pure.js:246:10)
      at Object.<anonymous> (src/App.test.tsx:6:9)
      at TestScheduler.scheduleTests (node_modules/@jest/core/build/TestScheduler.js:333:13)
      at runJest (node_modules/@jest/core/build/runJest.js:404:19)
      at _run10000 (node_modules/@jest/core/build/cli/index.js:320:7)
      at runCLI (node_modules/@jest/core/build/cli/index.js:173:3)

  console.error
    Warning: validateDOMNesting(...): <h3> cannot appear as a descendant of <p>.
        at h3
        at div
        at DetailedQuestionPage (/home/runner/work/starter_helpi/starter_helpi/src/detailed-question-page.tsx:7:39)
        at p
        at div
        at App (/home/runner/work/starter_helpi/starter_helpi/src/App.tsx:19:33)

      4 |
      5 | test('renders learn react link', () => {
    > 6 |   render(<App />);
        |         ^
      7 |   const linkElement = screen.getByText(/learn react/i);
      8 |   expect(linkElement).toBeInTheDocument();
      9 | });

      at printWarning (node_modules/react-dom/cjs/react-dom.development.js:86:30)
      at error (node_modules/react-dom/cjs/react-dom.development.js:60:7)
      at validateDOMNesting (node_modules/react-dom/cjs/react-dom.development.js:10849:7)
      at createInstance (node_modules/react-dom/cjs/react-dom.development.js:10930:5)
      at completeWork (node_modules/react-dom/cjs/react-dom.development.js:22187:28)
      at completeUnitOfWork (node_modules/react-dom/cjs/react-dom.development.js:26593:16)
      at performUnitOfWork (node_modules/react-dom/cjs/react-dom.development.js:26568:5)
      at workLoopSync (node_modules/react-dom/cjs/react-dom.development.js:26466:5)
      at renderRootSync (node_modules/react-dom/cjs/react-dom.development.js:26434:7)
      at performConcurrentWorkOnRoot (node_modules/react-dom/cjs/react-dom.development.js:25738:74)
      at flushActQueue (node_modules/react/cjs/react.development.js:2667:24)
      at act (node_modules/react/cjs/react.development.js:2582:11)
      at node_modules/@testing-library/react/dist/act-compat.js:63:25
      at renderRoot (node_modules/@testing-library/react/dist/pure.js:159:26)
      at render (node_modules/@testing-library/react/dist/pure.js:246:10)
      at Object.<anonymous> (src/App.test.tsx:6:9)
      at TestScheduler.scheduleTests (node_modules/@jest/core/build/TestScheduler.js:333:13)
      at runJest (node_modules/@jest/core/build/runJest.js:404:19)
      at _run10000 (node_modules/@jest/core/build/cli/index.js:320:7)
      at runCLI (node_modules/@jest/core/build/cli/index.js:173:3)

FAIL src/App.test.tsx
  ✕ renders learn react link (173 ms)

  ● renders learn react link

    TestingLibraryElementError: Unable to find an element with the text: /learn react/i. This could be because the text is broken up by multiple elements. In this case, you can provide a function for your text matcher to make your matcher more flexible.

    Ignored nodes: comments, script, style
    [36m<body>[39m
      [36m<div>[39m
        [36m<div[39m
          [33mclass[39m=[32m"App"[39m
        [36m>[39m
          [36m<header[39m
            [33mclass[39m=[32m"App-header"[39m
          [36m>[39m
            [36m<div>[39m
              [36m<h1[39m
                [33mclass[39m=[32m"headerTitle"[39m
              [36m>[39m
                [0mThe Career Helpi[0m
              [36m</h1>[39m
            [36m</div>[39m
            [36m<div[39m
              [33mclass[39m=[32m"wrapper"[39m
            [36m>[39m
              [36m<button[39m
                [33mclass[39m=[32m"homebutton btn btn-primary"[39m
                [33mtype[39m=[32m"button"[39m
              [36m>[39m
                [0mHome[0m
              [36m</button>[39m
              [36m<button[39m
                [33mclass[39m=[32m"detailedbutton btn btn-primary"[39m
                [33mtype[39m=[32m"button"[39m
              [36m>[39m
                [0mDetailed Career Assessment[0m
              [36m</button>[39m
              [36m<button[39m
                [33mclass[39m=[32m"basicButton btn btn-primary"[39m
                [33mtype[39m=[32m"button"[39m
              [36m>[39m
                [0mBasic Career Assessment[0m
              [36m</button>[39m
            [36m</div>[39m
          [36m</header>[39m
          [36m<p[39m
            [33mhidden[39m=[32m""[39m
          [36m>[39m
            [36m<div>[39m
              [36m<h2>[39m
                [0mDetailed Career Assessment[0m
              [36m</h2>[39m
              [36m<hr[39m
                [33mclass[39m=[32m"lines"[39m
              [36m/>[39m
              [36m<p[39m
                [33mclass[39m=[32m"bodyText"[39m
              [36m>[39m
                [0mThe Career Helpi's Detailed Career Assessment allows users to fill out a more personal quiz that reflects their specific interest and goals. Here, users' results will be more personalized to who you are. Providing extra detail allows the Career Helpi to better match a potential career.[0m
              [36m</p>[39m
              [36m<div>[39m
                [36m<button[39m
                  [33mclass[39m=[32m"submitAns"[39m
                [36m>[39m
                  [0mStart[0m
                [36m</button>[39m
              [36m</div>[39m
              [36m<hr[39m
                [33mclass[39m=[32m"lines"[39m
              [36m/>[39m
              [36m<div[39m
                [33mhidden[39m=[32m""[39m
              [36m>[39m
                [36m<h4[39m
                  [33mclass[39m=[32m"bodyText"[39m
                [36m>[39m
                  [0mWhat are some skills you have or are planning to learn that will help you would like to apply to your career? (ex. Writing, Coding, Public Speaking, Foreign Languages, etc)[0m
                [36m</h4>[39m
                [36m<div>[39m
                  [36m<label[39m
                    [33mclass[39m=[32m"form-label"[39m
                  [36m>[39m
                    [0mAnswer:[0m
                  [36m</label>[39m
                  [36m<div />[39m
                  [36m<textarea[39m
                    [33mclass[39m=[32m"responsebox form-control"[39m
                    [33mrows[39m=[32m"5"[39m
                  [36m/>[39m
                [36m</div>[39m
                [36m<div[39m
                  [33mclass[39m=[32m"validation"[39m
                [36m>[39m
                  [0mPlease include more than 20 characters[0m
                [36m</div>[39m
                [36m<button[39m
                  [33mclass[39m=[32m"resetbutton"[39m
                [36m>[39m
                  [0mReset Answer[0m
                [36m</button>[39m
                [36m<hr[39m
                  [33mclass[39m=[32m"lines"[39m
                [36m/>[39m
                [36m<button[39m
                  [33mclass[39m=[32m"submitAns"[39m
                [36m>[39m
                  [0mNext[0m
                [36m</button>[39m
              [36m</div>[39m
              [36m<div[39m
                [33mhidden[39m=[32m""[39m
              [36m>[39m
                [36m<h4[39m
                  [33mclass[39m=[32m"bodyText"[39m
                [36m>[39m
                  [0mWhat do you want your work environment to look like?[0m
                [36m</h4>[39m
                [36m<div>[39m
                  [36m<label[39m
                    [33mclass[39m=[32m"form-label"[39m
                  [36m>[39m
                    [0mAnswer:[0m
                  [36m</label>[39m
                  [36m<div />[39m
                  [36m<textarea[39m
                    [33mclass[39m=[32m"responsebox form-control"[39m
                    [33mrows[39m=[32m"5"[39m
                  [36m/>[39m
                [36m</div>[39m
                [36m<div[39m
                  [33mclass[39m=[32m"validation"[39m
                [36m>[39m
                  [0mPlease include more than 20 characters[0m
                [36m</div>[39m
                [36m<button[39m
                  [33mclass[39m=[32m"resetbutton"[39m
                [36m>[39m
                  [0mReset Answer[0m
                [36m</button>[39m
                [36m<hr[39m
                  [33mclass[39m=[32m"lines"[39m
                [36m/>[39m
                [36m<button[39m
                  [33mclass[39m=[32m"submitAns"[39m
                [36m>[39m
                  [0mPrev[0m
                [36m</button>[39m
                [36m<button[39m
                  [33mclass[39m=[32m"submitAns"[39m
                [36m>[39m
                  [0mNext[0m
                [36m</button>[39m
              [36m</div>[39m
              [36m<div[39m
                [33mhidden[39m=[32m""[39m
              [36m>[39m
                [36m<h4[39m
                  [33mclass[39m=[32m"bodyText"[39m
                [36m>[39m
                  [0mHow much collaboration do you want in your job?[0m
                [36m</h4>[39m
                [36m<div>[39m
                  [36m<label[39m
                    [33mclass[39m=[32m"form-label"[39m
                  [36m>[39m
                    [0mAnswer:[0m
                  [36m</label>[39m
                  [36m<div />[39m
                  [36m<textarea[39m
                    [33mclass[39m=[32m"responsebox form-control"[39m
                    [33mrows[39m=[32m"5"[39m
                  [36m/>[39m
                [36m</div>[39m
                [36m<div[39m
                  [33mclass[39m=[32m"validation"[39m
                [36m>[39m
                  [0mPlease include more than 20 characters[0m
                [36m</div>[39m
                [36m<button[39m
                  [33mclass[39m=[32m"resetbutton"[39m
                [36m>[39m
                  [0mReset Answer[0m
                [36m</button>[39m
                [36m<hr[39m
                  [33mclass[39m=[32m"lines"[39m
                [36m/>[39m
                [36m<button[39m
                  [33mclass[39m=[32m"submitAns"[39m
                [36m>[39m
                  [0mPrev[0m
                [36m</button>[39m
                [36m<button[39m
                  [33mclass[39m=[32m"submitAns"[39m
                [36m>[39m
                  [0mNext[0m
                [36m</button>[39m
              [36m</div>[39m
              [36m<div[39m
                [33mhidden[39m=[32m""[39m
              [36m>[39m
             ...

       5 | test('renders learn react link', () => {
       6 |   render(<App />);
    >  7 |   const linkElement = screen.getByText(/learn react/i);
         |                              ^
       8 |   expect(linkElement).toBeInTheDocument();
       9 | });
      10 |

      at Object.getElementError (node_modules/@testing-library/react/node_modules/@testing-library/dom/dist/config.js:37:19)
      at node_modules/@testing-library/react/node_modules/@testing-library/dom/dist/query-helpers.js:76:38
      at node_modules/@testing-library/react/node_modules/@testing-library/dom/dist/query-helpers.js:52:17
      at getByText (node_modules/@testing-library/react/node_modules/@testing-library/dom/dist/query-helpers.js:95:19)
      at Object.<anonymous> (src/App.test.tsx:7:30)
      at TestScheduler.scheduleTests (node_modules/@jest/core/build/TestScheduler.js:333:13)
      at runJest (node_modules/@jest/core/build/runJest.js:404:19)
      at _run10000 (node_modules/@jest/core/build/cli/index.js:320:7)
      at runCLI (node_modules/@jest/core/build/cli/index.js:173:3)

[0;33mOne of your dependencies, babel-preset-react-app, is importing the
"@babel/plugin-proposal-private-property-in-object" package without
declaring it in its dependencies. This is currently working because
"@babel/plugin-proposal-private-property-in-object" is already in your
node_modules folder for unrelated reasons, but it [1mmay break at any time[0;33m.

babel-preset-react-app is part of the create-react-app project, [1mwhich
is not maintianed anymore[0;33m. It is thus unlikely that this bug will
ever be fixed. Add "@babel/plugin-proposal-private-property-in-object" to
your devDependencies to work around this error. This will make this message
go away.[0m
  
----------------------------|---------|----------|---------|---------|-------------------------------------------------------------------------
File                        | % Stmts | % Branch | % Funcs | % Lines | Uncovered Line #s                                                       
----------------------------|---------|----------|---------|---------|-------------------------------------------------------------------------
All files                   |   27.42 |    45.62 |    6.45 |   29.81 |                                                                         
 AI.tsx                     |   64.28 |       50 |      50 |   64.28 | 16-23                                                                   
 App.tsx                    |      50 |       50 |   16.66 |      50 | 14,23-40                                                                
 Loader.tsx                 |       0 |      100 |       0 |       0 | 5                                                                       
 ai_query.tsx               |     100 |      100 |     100 |     100 |                                                                         
 basic-question-page.tsx    |   17.69 |    43.47 |    1.42 |   19.49 | 33-38,42-46,50-54,58-62,66-70,75-79,84-88,91-99,130-131,136-137,158-274 
 detailed-question-page.tsx |   35.93 |    51.85 |       5 |   40.35 | 17-24,71-72,77-78,84,97,100,115-314                                     
 home-page.tsx              |     100 |      100 |     100 |     100 |                                                                         
 index.tsx                  |       0 |      100 |     100 |       0 | 7-19                                                                    
 reportWebVitals.ts         |       0 |        0 |       0 |       0 | 3-10                                                                    
----------------------------|---------|----------|---------|---------|-------------------------------------------------------------------------
Test Suites: 1 failed, 1 total
Tests:       1 failed, 1 total
Snapshots:   0 total
Time:        3.873 s
Ran all test suites.
